============================= test session starts =============================
collected 159 items

tests\test_health.py .                                                   [  0%]
tests\test_services_auth.py ..............                               [  9%]
tests\test_services_department.py ..............................         [ 28%]
tests\test_services_doctor.py ........                                   [ 33%]
tests\test_services_google_oauth.py ...........                          [ 40%]
tests\test_services_role_user.py ........................                [ 55%]
tests\test_services_storage.py ......................................... [ 81%]
.                                                                        [ 81%]
tests\test_services_symptom.py .........................                 [ 97%]
tests\test_services_token.py ....                                        [100%]

- generated xml file: D:\fsb\PPR501\health-rec-system\reports\pytest-junit.xml -

---------- coverage: platform win32, python 3.14.3-final-0 -----------
Name                                 Stmts   Miss Branch BrPart   Cover   Missing
---------------------------------------------------------------------------------
app\services\user_service.py            37      0     10      0 100.00%
app\services\token_service.py           17      0      0      0 100.00%
app\services\role_service.py            39      0     12      0 100.00%
app\services\google_oauth.py            48      0      4      0 100.00%
app\services\doctor_service.py          29      0     10      0 100.00%
app\services\department_service.py     100      0     46      0 100.00%
app\services\auth_service.py            59      0     14      0 100.00%
app\services\__init__.py                 0      0      0      0 100.00%
app\services\symptom_service.py         79      1     32      1  98.20%   44
app\services\storage.py                 90      3     20      3  94.55%   57, 72, 220
---------------------------------------------------------------------------------
TOTAL                                  498      4    148      4  98.76%
Coverage XML written to file reports/coverage.xml

============================= 159 passed in 3.72s =============================
